// Jest Snapshot v1, https://goo.gl/fbAQLP

exports[`<NoOptionMessage  /> should match snapshot 1`] = `
<div>
  dmeo
</div>
`;
